; This file was created by George Moroz on 23.07.2020  .
;   Conversion Type = Legacy_to_from_Unicode
;   Left-hand side font = Arial;12
;   Right-hand side font = Charis SIL Compact;12
;   Main Window Position = 665,12,675,754
;   Left-hand side Character Map Window Position = 658,0,457,446
;   Right-hand side Character Map Window Position = 712,186,580,38

EncodingName            "abaz"
DescriptiveName         "abaza_trans"
Version                 "3"
Contact                 "agricolamz@gmail.com"

pass(Unicode)

UniClass [pnct] = ( U+2028 U+2029 U+0085 U+000D U+000A U+0009 U+0020 U+0021 U+0022 U+0023 U+0025 U+0026 U+0027 U+002A U+002C U+002E U+002F U+003A U+003B ) 

"’" <> "'"
"'" <> "'"
"а" <> "a"
"уа"  <> "wa"
"уА"  <> "wá"
"уы" <> "wə"
"уЫ"  <> "wə́"
"ау" <> "aw"
"Ау" <> "áw"
"ыу"  <> "əw"
"Ыу"  <> "ə́w"
"ыУ"  <> "əwə́"
"аУ" <> "awə́"
"ауа" <> "awa"
"ауА" <> "awá"
"Ауа" <> "áwa"
"ыуа" <> "əwa"
"ыуА" <> "əwá"
"Ыуа" <> "ə́wa"
"ауы" <> "awə"
"ауЫ" <> "awə́"
"Ауы" <> "áwə"
"ыуи" <> "əwəj"
"ыуИ" <> "əwə́j"
"Ыуи" <> "ə́wəj"
"ауи" <> "awəj"
"ауИ" <> "awə́j"
"Ауи" <> "áwəj"
"А" <> "á"
"б" <> "b"
"Б" <> "b"
"в" <> "v"
"В" <> "v"
"г" <> "g"
"Г" <> "g"
"г1" <> "ʕ"
"Г1" <> "ʕ"
"г1в" <> "ʕʷ"
"Г1в" <> "ʕʷ"
"Г1В" <> "ʕʷ"
"гв" <> "gʷ"
"Гв" <> "gʷ"
"ГВ" <> "gʷ"
"гІ" <> "ʕ"
"ГІ" <> "ʕ"
"гІ" <> "ʕ"
"ГІ" <> "ʕ"
"гІ" <> "ʕ"
"ГІ" <> "ʕ"
"ГІ" <> "ʕ"
"гІв" <> "ʕʷ"
"ГІв" <> "ʕʷ"
"ГІВ" <> "ʕʷ"
"гІв" <> "ʕʷ"
"ГІв" <> "ʕʷ"
"ГІВ" <> "ʕʷ"
"гІв" <> "ʕʷ"
"ГІв" <> "ʕʷ"
"ГІВ" <> "ʕʷ"
"ГІв" <> "ʕʷ"
"ГІВ" <> "ʕʷ"
"гъ" <> "ʁ"
"Гъ" <> "ʁ"
"ГЪ" <> "ʁ"
"гъв" <> "ʁʷ"
"Гъв" <> "ʁʷ"
"ГЪВ" <> "ʁʷ"
"гъь" <> "ʁ’"
"Гъь" <> "ʁ’"
"ГЪЬ" <> "ʁ’"
"гь" <> "g’"
"Гь" <> "g’"
"ГЬ" <> "g’"
"гӀ" <> "ʕ"
"ГӀ" <> "ʕ"
"гӏ" <> "ʕ"
"Гӏ" <> "ʕ"
"гӀв" <> "ʕʷ"
"ГӀв" <> "ʕʷ"
"ГӀВ" <> "ʕʷ"
"гӏв" <> "ʕʷ"
"Гӏв" <> "ʕʷ"
"ГӏВ" <> "ʕʷ"
"гI" <> "ʕ"
"ГI" <> "ʕ"
"гIв" <> "ʕʷ"
"ГIв" <> "ʕʷ"
"ГIВ" <> "ʕʷ"
"д" <> "d"
"Д" <> "d"
"дж" <> "ǯ"
"Дж" <> "ǯ"
"ДЖ" <> "ǯ"
"джв" <> "ʒ̂"
"Джв" <> "ʒ̂"
"ДЖВ" <> "ʒ̂"
"Джь" <> "ǯ’"
"ДЖЬ" <> "ǯ’"
"джь" <> "̊ǯ’"
"дз" <> "ʒ"
"Дз" <> "ʒ"
"ДЗ" <> "ʒ"
"е" <> "aj"
"Е" <> "áj"
"ж" <> "ž"
"Ж" <> "ž"
"жв" <> "ẑ"
"Жв" <> "ẑ"
"ЖВ" <> "ẑ"
"Жь" <> "ž’"
"ЖЬ" <> "ž’"
"жь" <> "ž’"
"з" <> "z"
"З" <> "z"
"и" <> "əj"
"И" <> "ə́j"
"и" / ( # | [pnct] ) _ <> "jə"
"И" / ( # | [pnct] ) _ <> "jə́"
"й" <> "j"
"Й" <> "j"
"к" <> "k"
"К" <> "k"
"к1" <> "ḳ"
"К1" <> "ḳ"
"к1в" <> "ḳʷ"
"К1в" <> "ḳʷ"
"К1В" <> "ḳʷ"
"к1ь" <> "ḳ’"
"К1ь" <> "ḳ’"
"К1Ь" <> "ḳ’"
"кв" <> "kʷ"
"Кв" <> "kʷ"
"КВ" <> "kʷ"
"кІ" <> "ḳ"
"КІ" <> "ḳ"
"кІ" <> "ḳ"
"КІ" <> "ḳ"
"кІ" <> "ḳ"
"КІ" <> "ḳ"
"кІ" <> "ḳ"
"КІ" <> "ḳ"
"КІ" <> "ḳ"
"кІ" <> "ḳ"
"КІ" <> "ḳ"
"кІ" <> "ḳ"
"КІ" <> "ḳ"
"кІ" <> "ḳ"
"КІ" <> "ḳ"
"кІ" <> "ḳ"
"КІ" <> "ḳ"
"кІ" <> "ḳ"
"КІ" <> "ḳ"
"кІв" <> "ḳʷ"
"КІв" <> "ḳʷ"
"КІВ" <> "ḳʷ"
"кІв" <> "ḳʷ"
"КІв" <> "ḳʷ"
"КІВ" <> "ḳʷ"
"кІв" <> "ḳʷ"
"КІв" <> "ḳʷ"
"КІВ" <> "ḳʷ"
"кІв" <> "ḳʷ"
"КІв" <> "ḳʷ"
"КІВ" <> "ḳʷ"
"кІь" <> "ḳ’"
"КІь" <> "ḳ’"
"КІЬ" <> "ḳ’"
"къ" <> "q̇"
"Къ" <> "q̇"
"КЪ" <> "q̇"
"къв" <> "q̇ʷ"
"Къв" <> "q̇ʷ"
"КЪВ" <> "q̇ʷ"
"къь" <> "q̇’"
"Къь" <> "q̇’"
"КЪЬ" <> "q̇’"
"кь" <> "k’"
"Кь" <> "k’"
"КЬ" <> "k’"
"кӀ" <> "ḳ"
"КӀ" <> "ḳ"
"кӏ" <> "ḳ"
"Кӏ" <> "ḳ"
"кӀв" <> "ḳʷ"
"КӀв" <> "ḳʷ"
"КӀВ" <> "ḳʷ"
"кӏв" <> "ḳʷ"
"Кӏв" <> "ḳʷ"
"КӏВ" <> "ḳʷ"
"кӀь" <> "ḳ’"
"КӀь" <> "ḳ’"
"КӀЬ" <> "ḳ’"
"кӏь" <> "ḳ’"
"Кӏь" <> "ḳ’"
"КӏЬ" <> "ḳ’"
"кI" <> "ḳ"
"КI" <> "ḳ"
"кIв" <> "ḳʷ"
"КIв" <> "ḳʷ"
"КIВ" <> "ḳʷ"
"л" <> "l"
"Л" <> "l"
"л" <> "l"
"Л" <> "l"
"л1" <> "λ̣"
"Л1" <> "λ̣"
"л1в" <> "λ̣"
"Л1в" <> "λ̣"
"Л1В" <> "λ̣"
"лІ" <> "λ̣"
"ЛІ" <> "λ̣"
"ЛІ" <> "λ̣"
"ль" <> "ɮ"
"Ль" <> "ɮ"
"Ль" <> "ɮ"
"лӀ" <> "λ̣"
"ЛӀ" <> "λ̣"
"лӏ" <> "λ̣"
"Лӏ" <> "λ̣"
"лI" <> "λ̣"
"ЛI" <> "λ̣"
"м" <> "m"
"М" <> "m"
"н" <> "n"
"Н" <> "n"
"о" / ( # | [pnct] ) _ <> "wa"
"О" / ( # | [pnct] ) _ <> "wá"
"о" / ^[pnct] _ <> "aw"
"О" / ^[pnct] _ <> "áw"
"п" <> "p"
"П" <> "p"
"п1" <> "ṗ"
"П1" <> "ṗ"
"пӀ" <> "ṗ"
"ПӀ" <> "ṗ"
"пӏ" <> "ṗ"
"Пӏ" <> "ṗ"
"пI" <> "ṗ"
"ПI" <> "ṗ"
"р" <> "r"
"Р" <> "r"
"с" <> "s"
"С" <> "s"
"т" <> "t"
"Т" <> "t"
"т1" <> "ṭ"
"Т1" <> "ṭ"
"тІ" <> "ṭ"
"ТІ" <> "ṭ"
"тл" <> "λ"
"Тл" <> "λ"
"ТЛ" <> "λ"
"тш" <> "č"
"Тш" <> "č"
"ТШ" <> "č"
"тӀ" <> "ṭ"
"ТӀ" <> "ṭ"
"тӏ" <> "ṭ"
"Тӏ" <> "ṭ"
"тI" <> "ṭ"
"ТI" <> "ṭ"
"у" / ( # | [pnct] ) _ <> "wə"
"У" / ( # | [pnct] ) _ <> "wə́"
"у" / ^[pnct] _ <> "əw"
"У" / ^[pnct] _ <> "ə́w"
"ф" <> "f"
"Ф" <> "f"
"ф1" <> "ḟ"
"Ф1" <> "ḟ"
"фІ" <> "ḟ"
"ФІ" <> "ḟ"
"фӀ" <> "ḟ"
"ФӀ" <> "ḟ"
"фӏ" <> "ḟ"
"Фӏ" <> "ḟ"
"фI" <> "ḟ"
"ФI" <> "ḟ"
"х" <> "χ"
"Х" <> "χ"
"х1" <> "h"
"Х1" <> "h"
"х1в" <> "hʷ"
"Х1в" <> "hʷ"
"Х1В" <> "hʷ"
"хв" <> "χʷ"
"Хв" <> "χʷ"
"ХВ" <> "χʷ"
"хІ" <> "h"
"ХІ" <> "h"
"хІв" <> "hʷ"
"ХІв" <> "hʷ"
"ХІВ" <> "hʷ"
"хъ" <> "q"
"Хъ" <> "q"
"ХЪ" <> "q"
"хъ" <> "q"
"Хъ" <> "q"
"ХЪ" <> "q"
"хъв" <> "qʷ"
"Хъв" <> "qʷ"
"ХЪВ" <> "qʷ"
"хъв" <> "qʷ"
"Хъв" <> "qʷ"
"ХЪВ" <> "qʷ"
"хь" <> "χ’"
"Хь" <> "χ’"
"ХЬ" <> "χ’"
"хӀ" <> "h"
"ХӀ" <> "h"
"хӏ" <> "h"
"Хӏ" <> "h"
"хӀв" <> "hʷ"
"ХӀв" <> "hʷ"
"ХӀВ" <> "hʷ"
"хӏв" <> "hʷ"
"Хӏв" <> "hʷ"
"ХӏВ" <> "hʷ"
"хI" <> "h"
"ХI" <> "h"
"хIв" <> "hʷ"
"ХIв" <> "hʷ"
"ХIВ" <> "hʷ"
"ц" <> "c"
"Ц" <> "c"
"ц1" <> "c̣"
"Ц1" <> "c̣"
"цІ" <> "c̣"
"ЦІ" <> "c̣"
"цӀ" <> "c̣"
"ЦӀ" <> "c̣"
"цӏ" <> "c̣"
"Цӏ" <> "c̣"
"цI" <> "c̣"
"ЦI" <> "c̣"
"ч" <> "č’"
"Ч" <> "č’"
"ч1" <> "č̣’"
"Ч1" <> "č̣’"
"ч1в" <> "ĉ̣"
"Ч1в" <> "ĉ̣"
"Ч1В" <> "ĉ̣"
"чв" <> "ĉ"
"Чв" <> "ĉ"
"ЧВ" <> "ĉ"
"чІ" <> "č̣’"
"ЧІ" <> "č̣’"
"чІв" <> "ĉ̣"
"ЧІв" <> "ĉ̣"
"ЧІВ" <> "ĉ̣"
"чӀ" <> "č̣’"
"ЧӀ" <> "č̣’"
"чӏ" <> "č̣’"
"Чӏ" <> "č̣’"
"чӀв" <> "ĉ̣"
"ЧӀв" <> "ĉ̣"
"ЧӀВ" <> "ĉ̣"
"чӏв" <> "ĉ̣"
"Чӏв" <> "ĉ̣"
"ЧӏВ" <> "ĉ̣"
"чI" <> "č̣’"
"ЧI" <> "č̣’"
"чIв" <> "ĉ̣"
"ЧIв" <> "ĉ̣"
"ЧIВ" <> "ĉ̣"
"ш" <> "š"
"Ш" <> "š"
"ш1" <> "č̣"
"Ш1" <> "č̣"
"шв" <> "ŝ"
"Шв" <> "ŝ"
"ШВ" <> "ŝ"
"шІ" <> "č̣"
"ШІ" <> "č̣"
"шӀ" <> "č̣"
"ШӀ" <> "č̣"
"шӏ" <> "č̣"
"Шӏ" <> "č̣"
"шI" <> "č̣"
"ШI" <> "č̣"
"щ" <> "š’"
"Щ" <> "š’"
"ъ" <> "ʔ"
"Ъ" <> "ʔ"
"ъв" <> "ʔʷ"
"Ъв" <> "ʔʷ"
"ЪВ" <> "ʔʷ"
"ы" <> "ə"
"Ы" <> "ə́"
"э" <> "e"
"Э" <> "é"
"ю" <> "ju"
"Ю" <> "jú"
"я" <> "ja"
"Я" <> "já"
"." <> "."
"," <> ","
"[" <> "["
"]" <> "]"
"(" <> "("
")" <> ")"
"{" <> "{"
"}" <> "}"
"<" <> "<"
">" <> ">"
":" <> ":"
"-" <> "-"
"–" <> "–"
"—" <> "—"
"―" <> "―"
"…" <> "…"
"!" <> "!"
"‐" <> "‐"
"-" <> "-"
"?" <> "?"
";" <> ";"
" " <> " "
"·" <> "·"
'"' <> '"'
U+000A <> U+000A
U+000D <> U+000D
U+0085 <> U+0085
U+2028 <> U+2028
U+2029 <> U+2029
