; This file was created by George Moroz on 16.06.2017.
;   Conversion Type = Legacy_to_from_Unicode
;   Left-hand side font = Arial;12
;   Right-hand side font = Charis SIL Compact;12
;   Main Window Position = 665,12,675,754
;   Left-hand side Character Map Window Position = 658,0,457,446
;   Right-hand side Character Map Window Position = 712,186,580,38

EncodingName            "andi"
DescriptiveName         "and_IPA"
Version                 "2"
Contact                 "agricolamz@gmail.com"

pass(Unicode)

"’" <> "'"
"'" <> "'"
"А" <> "a"
"а" <> "a"
"б" <> "b"
"Б" <> "b"
"в" <> "v"
"В" <> "v"
"г" <> "g"
"Г" <> "g"
"гв" <> "gʷ"
"Гв" <> "gʷ"
"ГВ" <> "gʷ"
"гъ" <> "ɣ"
"Гъ" <> "ɣ"
"ГЪ" <> "ɣ"
"гъь" <> "ɣ’"
"Гъь" <> "ɣ’"
"ГЪЬ" <> "ɣ’"
"гъв" <> "ɣʷ"
"Гъв" <> "ɣʷ"
"ГЪВ" <> "ɣʷ"
"гӀ" <> "ʕ"
"ГӀ" <> "ʕ"
"гӏ" <> "ʕ"
"Гӏ" <> "ʕ"
"гI" <> "ʕ"
"ГI" <> "ʕ"
"гІ" <> "ʕ"
"ГІ" <> "ʕ"
"гІ" <> "ʕ"
"ГІ" <> "ʕ"
"гІ" <> "ʕ"
"ГІ" <> "ʕ"
"г1" <> "ʕ"
"Г1" <> "ʕ"
"ГІ" <> "ʕ"
"гӀв" <> "ʕʷ"
"ГӀв" <> "ʕʷ"
"ГӀВ" <> "ʕʷ"
"гӏв" <> "ʕʷ"
"Гӏв" <> "ʕʷ"
"ГӏВ" <> "ʕʷ"
"гIв" <> "ʕʷ"
"ГIв" <> "ʕʷ"
"ГIВ" <> "ʕʷ"
"гІв" <> "ʕʷ"
"ГІв" <> "ʕʷ"
"ГІВ" <> "ʕʷ"
"гІв" <> "ʕʷ"
"ГІв" <> "ʕʷ"
"ГІВ" <> "ʕʷ"
"гІв" <> "ʕʷ"
"ГІв" <> "ʕʷ"
"ГІВ" <> "ʕʷ"
"г1в" <> "ʕʷ"
"Г1в" <> "ʕʷ"
"Г1В" <> "ʕʷ"
"ГІв" <> "ʕʷ"
"ГІВ" <> "ʕʷ"
"д" <> "d"
"Д" <> "d"
"дж" <> "̊ǯ"
"Дж" <> "ǯ"
"ДЖ" <> "ǯ"
"джв" <> "ʒ̂"
"Джв" <> "ʒ̂"
"ДЖВ" <> "ʒ̂"
"джь" <> "̊ǯ’"
"Джь" <> "ǯ’"
"ДЖЬ" <> "ǯ’"
"е" <> "aj"
"Е" <> "aj"
"ж" <> "ž"
"Ж" <> "ž"
"жв" <> "ẑ"
"Жв" <> "ẑ"
"ЖВ" <> "ẑ"
"з" <> "z"
"З" <> "z"
"и" <> "jəj"
"И" <> "jəj"
"й" <> "j"
"Й" <> "j"
"к" <> "k"
"К" <> "k"
"кI" <> "ḳ"
"КI" <> "ḳ"
"кІ" <> "ḳ"
"КІ" <> "ḳ"
"КI" <> "ḳ"
"кІ" <> "ḳ"
"КІ" <> "ḳ"
"к1" <> "ḳ"
"К1" <> "ḳ"
"к1в" <> "ḳʷ"
"К1в" <> "ḳʷ"
"К1В" <> "ḳʷ"
"кІ" <> "ḳ"
"КІ" <> "ḳ"
"кІ" <> "ḳ"
"КІ" <> "ḳ"
"КІ" <> "ḳ"
"кІ" <> "ḳ"
"КІ" <> "ḳ"
"кІ" <> "ḳ"
"КІ" <> "ḳ"
"кІв" <> "ḳʷ"
"КІв" <> "ḳʷ"
"КІВ" <> "ḳʷ"
"кв" <> "kʷ"
"Кв" <> "kʷ"
"КВ" <> "kʷ"
"кь" <> "k’"
"Кь" <> "k’"
"КЬ" <> "k’"
"кӀ" <> "ḳ"
"КӀ" <> "ḳ"
"кӏ" <> "ḳ"
"Кӏ" <> "ḳ"
"кӀв" <> "ḳʷ"
"КӀв" <> "ḳʷ"
"КӀВ" <> "ḳʷ"
"кӏв" <> "ḳʷ"
"Кӏв" <> "ḳʷ"
"КӏВ" <> "ḳʷ"
"кI" <> "ḳ"
"КI" <> "ḳ"
"кIв" <> "ḳʷ"
"КIв" <> "ḳʷ"
"КIВ" <> "ḳʷ"
"кІ" <> "ḳ"
"КІ" <> "ḳ"
"кІ" <> "ḳ"
"КІ" <> "ḳ"
"кІв" <> "ḳʷ"
"КІв" <> "ḳʷ"
"КІВ" <> "ḳʷ"
"кІв" <> "ḳʷ"
"КІв" <> "ḳʷ"
"КІВ" <> "ḳʷ"
"кІ" <> "ḳ"
"КІ" <> "ḳ"
"кІв" <> "ḳʷ"
"КІв" <> "ḳʷ"
"КІВ" <> "ḳʷ"
"ль" <> "ɮ"
"Ль" <> "ɮ"
"Ль" <> "ɮ"
"л" <> "l"
"Л" <> "l"
"л1" <> "ɬ̣"
"Л1" <> "ɬ̣"
"л1в" <> "ɬ̣"
"Л1в" <> "ɬ̣"
"Л1В" <> "ɬ̣"
"лІ" <> "ɬ̣"
"ЛІ" <> "ɬ̣"
"ЛІ" <> "ɬ̣"
"лӀ" <> "ɬ̣"
"ЛӀ" <> "ɬ̣"
"лӏ" <> "ɬ̣"
"Лӏ" <> "ɬ̣"
"лI" <> "ɬ̣"
"ЛI" <> "ɬ̣"
"м" <> "m"
"М" <> "m"
"н" <> "n"
"Н" <> "n"

"о" <> "waw"
"О" <> "waw"
"п" <> "p"
"П" <> "p"
"п1" <> "ṗ"
"П1" <> "ṗ"
"пӀ" <> "ṗ"
"ПӀ" <> "ṗ"
"пӏ" <> "ṗ"
"Пӏ" <> "ṗ"
"пI" <> "ṗ"
"ПI" <> "ṗ"
"р" <> "r"
"Р" <> "r"
"с" <> "s"
"С" <> "s"

"т" <> "t"
"Т" <> "t"
"т1" <> "t'"
"Т1" <> "t'"
"т1в" <> "t'ʷ"
"Т1в" <> "t'ʷ"
"Т1В" <> "t'ʷ"
"т1т1" <> "t'ː"
"Т1Т1" <> "t'ː"
"т1т1в" <> "t'ːʷ"
"Т1т1в" <> "t'ːʷ"
"Т1Т1В" <> "t'ːʷ"
"тІ" <> "t'"
"ТІ" <> "t'"
"тІв" <> "t'ʷ"
"ТІв" <> "t'ʷ"
"ТІВ" <> "t'ʷ"
"тІтІ" <> "t'ː"
"ТІТІ" <> "t'ː"
"тІтІв" <> "t'ːʷ"
"ТІтІв" <> "t'ːʷ"
"ТІТІВ" <> "t'ːʷ"
"тв" <> "tʷ"
"Тв" <> "tʷ"
"ТВ" <> "tʷ"
"тт" <> "tː"
"Тт" <> "tː"
"ТТ" <> "tː"
"ттв" <> "tːʷ"
"Ттв" <> "tːʷ"
"ТТВ" <> "tːʷ"
"тӀ" <> "t'"
"ТӀ" <> "t'"
"тӏ" <> "t'"
"Тӏ" <> "t'"
"тӀв" <> "t'ʷ"
"ТӀв" <> "t'ʷ"
"ТӀВ" <> "t'ʷ"
"тӏв" <> "t'ʷ"
"Тӏв" <> "t'ʷ"
"ТӏВ" <> "t'ʷ"
"тӀтӀ" <> "t'ː"
"ТӀТӀ" <> "t'ː"
"тӏтӏ" <> "t'ː"
"ТӏТӏ" <> "t'ː"
"тӀтӀв" <> "t'ːʷ"
"ТӀТӀВ" <> "t'ːʷ"
"тӏтӏв" <> "t'ːʷ"
"Тӏтӏв" <> "t'ːʷ"
"ТӏТӏВ" <> "t'ːʷ"
"тI" <> "t'"
"ТI" <> "t'"
"тIв" <> "t'ʷ"
"ТIв" <> "t'ʷ"
"ТIВ" <> "t'ʷ"
"тIтI" <> "t'ː"
"ТIТI" <> "t'ː"
"тIтIв" <> "t'ːʷ"
"ТIТIВ" <> "t'ːʷ"
"у" <> "u"
"У" <> "u"
"у̃" <> "ũ"
"У̃" <> "ũ"
"у2" <> "ũ"
"У2" <> "ũ"
"ф" <> "f"
"Ф" <> "f"
"х" <> "χ"
"Х" <> "χ"
"х1" <> "ħ"
"Х1" <> "ħ"
"хІ" <> "ħ"
"ХІ" <> "ħ"
"х1в" <> "ħʷ"
"Х1в" <> "ħʷ"
"Х1В" <> "ħʷ"
"хІв" <> "ħʷ"
"ХІв" <> "ħʷ"
"ХІВ" <> "ħʷ"
"хв" <> "χʷ"
"Хв" <> "χʷ"
"ХВ" <> "χʷ"
"хх" <> "χː"
"Хх" <> "χː"
"ХХ" <> "χː"
"ххв" <> "χːʷ"
"Ххв" <> "χːʷ"
"ХХВ" <> "χːʷ"
"хъ" <> "qχ"
"Хъ" <> "qχ"
"ХЪ" <> "qχ"
"хъв" <> "qχʷ"
"Хъв" <> "qχʷ"
"ХЪВ" <> "qχʷ"
"хь" <> "ç"
"Хь" <> "ç"
"ХЬ" <> "ç"
"хьв" <> "çʷ"
"Хьв" <> "çʷ"
"ХЬВ" <> "çʷ"
"хьхь" <> "çː"
"Хьхь" <> "çː"
"ХЬХЬ" <> "çː"
"хьхьв" <> "çːʷ"
"Хьхьв" <> "çːʷ"
"ХЬХЬВ" <> "çːʷ"
"хӀ" <> "ħ"
"ХӀ" <> "ħ"
"хӏ" <> "ħ"
"Хӏ" <> "ħ"
"хӀв" <> "ħʷ"
"ХӀв" <> "ħʷ"
"ХӀВ" <> "ħʷ"
"хӏв" <> "ħʷ"
"Хӏв" <> "ħʷ"
"ХӏВ" <> "ħʷ"
"хI" <> "ħ"
"ХI" <> "ħ"
"хIв" <> "ħʷ"
"ХIв" <> "ħʷ"
"ХIВ" <> "ħʷ"
"ц" <> "ts"
"Ц" <> "ts"
"ц1" <> "ts'"
"Ц1" <> "ts'"
"ц1в" <> "ts'ʷ"
"Ц1в" <> "ts'ʷ"
"Ц1В" <> "ts'ʷ"
"ц1ц1" <> "ts'ː"
"Ц1ц1" <> "ts'ː"
"ц1ц1в" <> "ts'ːʷ"
"Ц1ц1в" <> "ts'ːʷ"
"Ц1Ц1В" <> "ts'ːʷ"
"цІ" <> "ts'"
"ЦІ" <> "ts'"
"цІв" <> "ts'ʷ"
"ЦІв" <> "ts'ʷ"
"ЦІВ" <> "ts'ʷ"
"цІцІ" <> "ts'ː"
"ЦІцІ" <> "ts'ː"
"цІцІв" <> "ts'ːʷ"
"ЦІцІв" <> "ts'ːʷ"
"ЦІЦІВ" <> "ts'ːʷ"
"цв" <> "tsʷ"
"Цв" <> "tsʷ"
"ЦВ" <> "tsʷ"
"цц" <> "tsː"
"Цц" <> "tsː"
"ЦЦ" <> "tsː"
"ццв" <> "tsːʷ"
"Ццв" <> "tsːʷ"
"ЦЦВ" <> "tsːʷ"
"цӀ" <> "ts'"
"ЦӀ" <> "ts'"
"цӏ" <> "ts'"
"Цӏ" <> "ts'"
"цӀв" <> "ts'ʷ"
"ЦӀв" <> "ts'ʷ"
"ЦӀВ" <> "ts'ʷ"
"цӏв" <> "ts'ʷ"
"Цӏв" <> "ts'ʷ"
"ЦӏВ" <> "ts'ʷ"
"цӀцӀ" <> "ts'ː"
"ЦӀцӀ" <> "ts'ː"
"цӏцӏ" <> "ts'ː"
"Цӏцӏ" <> "ts'ː"
"цӀцӀв" <> "ts'ːʷ"
"ЦӀцӀв" <> "ts'ːʷ"
"ЦӀЦӀВ" <> "ts'ːʷ"
"цӏцӏв" <> "ts'ːʷ"
"Цӏцӏв" <> "ts'ːʷ"
"ЦӏЦӏВ" <> "ts'ːʷ"
"цI" <> "ts'"
"ЦI" <> "ts'"
"цIв" <> "ts'ʷ"
"ЦIв" <> "ts'ʷ"
"ЦIВ" <> "ts'ʷ"
"цIцI" <> "ts'ː"
"ЦIцI" <> "ts'ː"
"ЦIЦI" <> "ts'ː"
"цIцIв" <> "ts'ːʷ"
"ЦIцIв" <> "ts'ːʷ"
"ЦIЦIВ" <> "ts'ːʷ"
"ч" <> "tʃ"
"Ч" <> "tʃ"
"ч1" <> "tʃ'"
"Ч1" <> "tʃ'"
"ч1в" <> "tʃ'ʷ"
"Ч1в" <> "tʃ'ʷ"
"Ч1В" <> "tʃ'ʷ"
"ч1ч1" <> "tʃ'ː"
"Ч1ч1" <> "tʃ'ː"
"Ч1Ч1" <> "tʃ'ː"
"ч1ч1в" <> "tʃ'ːʷ"
"Ч1ч1в" <> "tʃ'ːʷ"
"Ч1Ч1В" <> "tʃ'ːʷ"
"чІ" <> "tʃ'"
"ЧІ" <> "tʃ'"
"чІв" <> "tʃ'ʷ"
"ЧІв" <> "tʃ'ʷ"
"ЧІВ" <> "tʃ'ʷ"
"чІчІ" <> "tʃ'ː"
"ЧІчІ" <> "tʃ'ː"
"ЧІЧІ" <> "tʃ'ː"
"чІчІв" <> "tʃ'ːʷ"
"ЧІчІв" <> "tʃ'ːʷ"
"ЧІЧІВ" <> "tʃ'ːʷ"
"чв" <> "tʃʷ"
"Чв" <> "tʃʷ"
"ЧВ" <> "tʃʷ"
"чч" <> "tʃː"
"Чч" <> "tʃː"
"ЧЧ" <> "tʃː"
"ччв" <> "tʃːʷ"
"Ччв" <> "tʃːʷ"
"ЧЧВ" <> "tʃːʷ"
"чӀ" <> "tʃ'"
"ЧӀ" <> "tʃ'"
"чӏ" <> "tʃ'"
"Чӏ" <> "tʃ'"
"чӀв" <> "tʃ'ʷ"
"ЧӀв" <> "tʃ'ʷ"
"ЧӀВ" <> "tʃ'ʷ"
"чӏв" <> "tʃ'ʷ"
"Чӏв" <> "tʃ'ʷ"
"ЧӏВ" <> "tʃ'ʷ"
"чӀчӀ" <> "tʃ'ː"
"ЧӀчӀ" <> "tʃ'ː"
"ЧӀЧӀ" <> "tʃ'ː"
"чӏчӏ" <> "tʃ'ː"
"Чӏчӏ" <> "tʃ'ː"
"ЧӏЧӏ" <> "tʃ'ː"
"чӀчӀв" <> "tʃ'ːʷ"
"ЧӀчӀв" <> "tʃ'ːʷ"
"ЧӀЧӀВ" <> "tʃ'ːʷ"
"чӏчӏв" <> "tʃ'ːʷ"
"Чӏчӏв" <> "tʃ'ːʷ"
"ЧӏЧӏВ" <> "tʃ'ːʷ"
"чI" <> "tʃ'"
"ЧI" <> "tʃ'"
"чIв" <> "tʃ'ʷ"
"ЧIв" <> "tʃ'ʷ"
"ЧIВ" <> "tʃ'ʷ"
"чIчI" <> "tʃ'ː"
"ЧIЧI" <> "tʃ'ː"
"ЧIчI" <> "tʃ'ː"
"чIчIв" <> "tʃ'ːʷ"
"ЧIЧIВ" <> "tʃ'ːʷ"
"ЧIчIв" <> "tʃ'ːʷ"
"ш" <> "ʃ"
"Ш" <> "ʃ"
"шв" <> "ʃʷ"
"Шв" <> "ʃʷ"
"ШВ" <> "ʃʷ"
"шш" <> "ʃː"
"Шш" <> "ʃː"
"ШШ" <> "ʃː"
"шшв" <> "ʃːʷ"
"Шшв" <> "ʃːʷ"
"ШШВ" <> "ʃːʷ"
"щ" <> "ʃː"
"Щ" <> "ʃː"
"щв" <> "ʃːʷ"
"Щв" <> "ʃːʷ"
"ЩВ" <> "ʃːʷ"
"ъ" <> "ʔ"
"Ъ" <> "ʔ"
"ъв" <> "ʔʷ"
"Ъв" <> "ʔʷ"
"ЪВ" <> "ʔʷ"
"э" <> "e"
"Э" <> "e"
"э̃" <> "ẽ"
"Э̃" <> "ẽ"
"э2" <> "ẽ"
"Э2" <> "ẽ"
"ю" <> "ju"
"Ю" <> "ju"
"ю̃" <> "jũ"
"Ю̃" <> "jũ"
"ю2" <> "jũ"
"Ю2" <> "jũ"
"я" <> "ja"
"Я" <> "ja"
"я̃" <> "jã"
"Я̃" <> "jã"
"я2" <> "jã"
"Я2" <> "jã"
"а2" <> "ã"
"." <> "."
"," <> ","
"[" <> "["
"]" <> "]"
"(" <> "("
")" <> ")"
"{" <> "{"
"}" <> "}"
"<" <> "<"
">" <> ">"
":" <> ":"
"-" <> "-"
"–" <> "–"
"—" <> "—"
"―" <> "―"
"…" <> "…"
"!" <> "!"
"‐" <> "‐"
"-" <> "-"
"?" <> "?"
";" <> ";"
" " <> " "
"·" <> "·"
'"' <> '"'
U+000A <> U+000A
U+000D <> U+000D
U+0085 <> U+0085
U+2028 <> U+2028
U+2029 <> U+2029
"C" <> "C"
"L" <> "L"
